---
source: src/tui/overlay/wizard/draw.rs
expression: render(&mode)
---
"                                                                                "
"                                                                                "
"                                                                                "
"                                                                                "
"                                                                                "
"                                                                                "
"                                                                                "
"                ┌ Add PAT ─────────────────────────────────────┐                "
"                │  org  example-org                            │                "
"                │  Fine-grained PAT (github_pat_…):            │                "
"                │•••••••••••••••                               │                "
"                │  org runners: Self-hosted runners: Read      │                "
"                │  repo runners: Administration: Read          │                "
"                │  ✗ token lacks 'Self-hosted runners: Read' on│                "
"                │example-org                                   │                "
"                │                                              │                "
"                └──────────────────────────────────────────────┘                "
"                                                                                "
"                                                                                "
"                                                                                "
"                                                                                "
"                                                                                "
"                                                                                "
"                                                                                "
