---
source: src/tui/overlay/wizard/draw.rs
expression: render(&mode)
---
"                                                                                "
"                                                                                "
"                                                                                "
"                                                                                "
"                                                                                "
"                                                                                "
"                                                                                "
"                ┌ Add org ─────────────────────────────────────┐                "
"                │                                              │                "
"                │  GitHub org login (or host/org): example-org │                "
"                │                                              │                "
"                │  [Enter] next · [Esc] cancel                 │                "
"                │                                              │                "
"                │                                              │                "
"                │                                              │                "
"                │                                              │                "
"                └──────────────────────────────────────────────┘                "
"                                                                                "
"                                                                                "
"                                                                                "
"                                                                                "
"                                                                                "
"                                                                                "
"                                                                                "
