---
source: src/tui/wizard.rs
expression: "render(&WizardMode::new())"
---
"                                                                                "
"                                                                                "
"                                                                                "
"                                                                                "
"                                                                                "
"                                                                                "
"                                                                                "
"                ┌ Configure ───────────────────────────────────┐                "
"                │                                              │                "
"                │  [a]  add org + read-only PAT                │                "
"                │  (more actions from the Config tab: [h] hooks│                "
"                │· [m] metrics · [i] intervals)                │                "
"                │                                              │                "
"                │  [a] add · [Esc] close                       │                "
"                │                                              │                "
"                │                                              │                "
"                └──────────────────────────────────────────────┘                "
"                                                                                "
"                                                                                "
"                                                                                "
"                                                                                "
"                                                                                "
"                                                                                "
"                                                                                "
