---
source: src/tui/wizard.rs
expression: render(&mode)
---
"                                                                                "
"                                                                                "
"                                                                                "
"                                                                                "
"                                                                                "
"                                                                                "
"                                                                                "
"                ┌ Add org ─────────────────────────────────────┐                "
"                │                                              │                "
"                │  GitHub org login: example-org▏              │                "
"                │                                              │                "
"                │  [Enter] next · [Esc] cancel                 │                "
"                │                                              │                "
"                │                                              │                "
"                │                                              │                "
"                │                                              │                "
"                └──────────────────────────────────────────────┘                "
"                                                                                "
"                                                                                "
"                                                                                "
"                                                                                "
"                                                                                "
"                                                                                "
"                                                                                "
