---
source: src/tui/widgets/wizard.rs
expression: render(&mode)
---
"                                                                                "
"                                                                                "
"                                                                                "
"                                                                                "
"                                                                                "
"                                                                                "
"                                                                                "
"                ┌ Confirm remove ──────────────────────────────┐                "
"                │                                              │                "
"                │  Remove the read-only PAT for example-org and│                "
"                │forget the org?                               │                "
"                │                                              │                "
"                │  [y] remove · [n] cancel                     │                "
"                │                                              │                "
"                │                                              │                "
"                │                                              │                "
"                └──────────────────────────────────────────────┘                "
"                                                                                "
"                                                                                "
"                                                                                "
"                                                                                "
"                                                                                "
"                                                                                "
"                                                                                "
