---
source: src/tui/widgets/wizard.rs
expression: "render(&WizardMode::new())"
---
"                                                                                "
"                                                                                "
"                                                                                "
"                                                                                "
"                                                                                "
"                                                                                "
"                                                                                "
"                ┌ Configure ───────────────────────────────────┐                "
"                │                                              │                "
"                │  [a]  add / replace org + read-only PAT      │                "
"                │  [r]  remove org (drops its PAT)             │                "
"                │                                              │                "
"                │  [a] add/replace · [r] remove · [Esc] close  │                "
"                │                                              │                "
"                │                                              │                "
"                │                                              │                "
"                └──────────────────────────────────────────────┘                "
"                                                                                "
"                                                                                "
"                                                                                "
"                                                                                "
"                                                                                "
"                                                                                "
"                                                                                "
