---
source: src/tui/widgets/wizard.rs
expression: render(&mode)
---
"                                                                                "
"                                                                                "
"                                                                                "
"                                                                                "
"                                                                                "
"                                                                                "
"                                                                                "
"                ┌ Remove org ──────────────────────────────────┐                "
"                │                                              │                "
"                │  GitHub org login to remove: example-org     │                "
"                │                                              │                "
"                │  [Enter] next · [Esc] cancel                 │                "
"                │                                              │                "
"                │                                              │                "
"                │                                              │                "
"                │                                              │                "
"                └──────────────────────────────────────────────┘                "
"                                                                                "
"                                                                                "
"                                                                                "
"                                                                                "
"                                                                                "
"                                                                                "
"                                                                                "
