---
source: src/tui/widgets/wizard.rs
expression: render(&mode)
---
"                                                                                "
"                                                                                "
"                                                                                "
"                                                                                "
"                                                                                "
"                                                                                "
"                                                                                "
"                ┌ Add PAT ─────────────────────────────────────┐                "
"                │  org  example-org                            │                "
"                │  Fine-grained PAT (github_pat_…):            │                "
"                │•••••••••••••••                               │                "
"                │  needs Self-hosted runners: Read  (+ Actions:│                "
"                │Read for job results)                         │                "
"                │  ✗ token lacks 'Self-hosted runners: Read' on│                "
"                │example-org                                   │                "
"                │                                              │                "
"                └──────────────────────────────────────────────┘                "
"                                                                                "
"                                                                                "
"                                                                                "
"                                                                                "
"                                                                                "
"                                                                                "
"                                                                                "
